2025-10-16 17:28:38.174 INFO  [background-preinit] o.h.validator.internal.util.Version - HV000001: Hibernate Validator 8.0.3.Final
2025-10-16 17:28:38.306 INFO  [main] n.c.t.c.TheatreControllerTest - Starting TheatreControllerTest using Java 21.0.8 with PID 29416 (started by 10840583 in C:\Users\10840583\Downloads\team-kolding\theatre-service)
2025-10-16 17:28:38.307 INFO  [main] n.c.t.c.TheatreControllerTest - No active profile set, falling back to 1 default profile: "default"
2025-10-16 17:28:40.508 WARN  [main] o.s.b.a.s.s.UserDetailsServiceAutoConfiguration - 

Using generated security password: 24478b93-ae85-4f8f-aff0-baf17eef890d

This generated password is for development use only. Your security configuration must be updated before running your application in production.

2025-10-16 17:28:40.525 INFO  [main] o.s.s.c.a.a.c.InitializeUserDetailsBeanManagerConfigurer$InitializeUserDetailsManagerConfigurer - Global AuthenticationManager configured with UserDetailsService bean with name inMemoryUserDetailsManager
2025-10-16 17:28:40.785 INFO  [main] o.s.b.t.m.w.SpringBootMockServletContext - Initializing Spring TestDispatcherServlet ''
2025-10-16 17:28:40.785 INFO  [main] o.s.t.w.s.TestDispatcherServlet - Initializing Servlet ''
2025-10-16 17:28:40.786 INFO  [main] o.s.t.w.s.TestDispatcherServlet - Completed initialization in 1 ms
2025-10-16 17:28:40.830 INFO  [main] n.c.t.c.TheatreControllerTest - Started TheatreControllerTest in 3.578 seconds (process running for 9.131)
2025-10-16 17:28:41.777 INFO  [main] o.s.t.c.s.AnnotationConfigContextLoaderUtils - Could not detect default configuration classes for test class [nexi.cinetix.theatre_service.controller.ShowtimeControllerTest]: ShowtimeControllerTest does not declare any static, non-private, non-final, nested classes annotated with @Configuration.
2025-10-16 17:28:41.788 INFO  [main] o.s.b.t.c.SpringBootTestContextBootstrapper - Found @SpringBootConfiguration nexi.cinetix.theatre_service.TheatreServiceApplication for test class nexi.cinetix.theatre_service.controller.ShowtimeControllerTest
2025-10-16 17:28:41.819 INFO  [main] n.c.t.c.ShowtimeControllerTest - Starting ShowtimeControllerTest using Java 21.0.8 with PID 29416 (started by 10840583 in C:\Users\10840583\Downloads\team-kolding\theatre-service)
2025-10-16 17:28:41.820 INFO  [main] n.c.t.c.ShowtimeControllerTest - No active profile set, falling back to 1 default profile: "default"
2025-10-16 17:28:42.044 INFO  [main] o.s.b.t.m.w.SpringBootMockServletContext - Initializing Spring TestDispatcherServlet ''
2025-10-16 17:28:42.044 INFO  [main] o.s.t.w.s.TestDispatcherServlet - Initializing Servlet ''
2025-10-16 17:28:42.044 INFO  [main] o.s.t.w.s.TestDispatcherServlet - Completed initialization in 0 ms
2025-10-16 17:28:42.053 INFO  [main] n.c.t.c.ShowtimeControllerTest - Started ShowtimeControllerTest in 0.261 seconds (process running for 10.354)
2025-10-16 17:28:42.313 INFO  [main] o.s.t.c.s.AnnotationConfigContextLoaderUtils - Could not detect default configuration classes for test class [nexi.cinetix.theatre_service.TheatreServiceApplicationTests]: TheatreServiceApplicationTests does not declare any static, non-private, non-final, nested classes annotated with @Configuration.
2025-10-16 17:28:42.321 INFO  [main] o.s.b.t.c.SpringBootTestContextBootstrapper - Found @SpringBootConfiguration nexi.cinetix.theatre_service.TheatreServiceApplication for test class nexi.cinetix.theatre_service.TheatreServiceApplicationTests
2025-10-16 17:28:42.359 INFO  [main] n.c.t.TheatreServiceApplicationTests - Starting TheatreServiceApplicationTests using Java 21.0.8 with PID 29416 (started by 10840583 in C:\Users\10840583\Downloads\team-kolding\theatre-service)
2025-10-16 17:28:42.360 INFO  [main] n.c.t.TheatreServiceApplicationTests - The following 1 profile is active: "test"
2025-10-16 17:28:42.798 INFO  [main] o.s.d.r.c.RepositoryConfigurationDelegate - Bootstrapping Spring Data JPA repositories in DEFAULT mode.
2025-10-16 17:28:42.867 INFO  [main] o.s.d.r.c.RepositoryConfigurationDelegate - Finished Spring Data repository scanning in 54 ms. Found 2 JPA repository interfaces.
2025-10-16 17:28:43.349 INFO  [main] o.h.jpa.internal.util.LogHelper - HHH000204: Processing PersistenceUnitInfo [name: default]
2025-10-16 17:28:43.501 INFO  [main] org.hibernate.Version - HHH000412: Hibernate ORM core version 6.6.29.Final
2025-10-16 17:28:43.586 INFO  [main] o.h.c.i.RegionFactoryInitiator - HHH000026: Second-level cache disabled
2025-10-16 17:28:43.882 INFO  [main] o.s.o.j.p.SpringPersistenceUnitInfo - No LoadTimeWeaver setup: ignoring JPA class transformer
2025-10-16 17:28:43.949 INFO  [main] com.zaxxer.hikari.HikariDataSource - HikariPool-1 - Starting...
2025-10-16 17:28:44.625 INFO  [main] com.zaxxer.hikari.pool.HikariPool - HikariPool-1 - Added connection conn0: url=jdbc:h2:mem:theatre_test user=SA
2025-10-16 17:28:44.629 INFO  [main] com.zaxxer.hikari.HikariDataSource - HikariPool-1 - Start completed.
2025-10-16 17:28:44.793 INFO  [main] o.hibernate.orm.connections.pooling - HHH10001005: Database info:
	Database JDBC URL [Connecting through datasource 'HikariDataSource (HikariPool-1)']
	Database driver: undefined/unknown
	Database version: 2.3.232
	Autocommit mode: undefined/unknown
	Isolation level: undefined/unknown
	Minimum pool size: undefined/unknown
	Maximum pool size: undefined/unknown
2025-10-16 17:28:46.427 INFO  [main] o.h.e.t.j.p.i.JtaPlatformInitiator - HHH000489: No JTA platform available (set 'hibernate.transaction.jta.platform' to enable JTA platform integration)
2025-10-16 17:28:46.540 INFO  [main] o.s.o.j.LocalContainerEntityManagerFactoryBean - Initialized JPA EntityManagerFactory for persistence unit 'default'
2025-10-16 17:28:47.095 WARN  [main] o.s.b.a.o.j.JpaBaseConfiguration$JpaWebConfiguration - spring.jpa.open-in-view is enabled by default. Therefore, database queries may be performed during view rendering. Explicitly configure spring.jpa.open-in-view to disable this warning
2025-10-16 17:28:47.178 WARN  [main] o.s.b.a.s.s.UserDetailsServiceAutoConfiguration - 

Using generated security password: 39142752-72c1-496c-94f0-01731519efe8

This generated password is for development use only. Your security configuration must be updated before running your application in production.

2025-10-16 17:28:47.178 INFO  [main] o.s.s.c.a.a.c.InitializeUserDetailsBeanManagerConfigurer$InitializeUserDetailsManagerConfigurer - Global AuthenticationManager configured with UserDetailsService bean with name inMemoryUserDetailsManager
2025-10-16 17:28:47.465 INFO  [main] n.c.t.TheatreServiceApplicationTests - Started TheatreServiceApplicationTests in 5.138 seconds (process running for 15.766)
2025-10-16 17:28:47.486 INFO  [SpringApplicationShutdownHook] o.s.o.j.LocalContainerEntityManagerFactoryBean - Closing JPA EntityManagerFactory for persistence unit 'default'
2025-10-16 17:28:47.493 INFO  [SpringApplicationShutdownHook] com.zaxxer.hikari.HikariDataSource - HikariPool-1 - Shutdown initiated...
2025-10-16 17:28:47.495 INFO  [SpringApplicationShutdownHook] com.zaxxer.hikari.HikariDataSource - HikariPool-1 - Shutdown completed.
2025-10-16 17:39:28.480 INFO  [background-preinit] o.h.validator.internal.util.Version - HV000001: Hibernate Validator 8.0.3.Final
2025-10-16 17:39:28.536 INFO  [main] n.c.t.c.ShowtimeControllerTest - Starting ShowtimeControllerTest using Java 21.0.8 with PID 16604 (started by 10840583 in C:\Users\10840583\Downloads\team-kolding\theatre-service)
2025-10-16 17:39:28.537 INFO  [main] n.c.t.c.ShowtimeControllerTest - No active profile set, falling back to 1 default profile: "default"
2025-10-16 17:39:30.987 INFO  [main] o.s.b.t.m.w.SpringBootMockServletContext - Initializing Spring TestDispatcherServlet ''
2025-10-16 17:39:30.987 INFO  [main] o.s.t.w.s.TestDispatcherServlet - Initializing Servlet ''
2025-10-16 17:39:30.989 INFO  [main] o.s.t.w.s.TestDispatcherServlet - Completed initialization in 1 ms
2025-10-16 17:39:31.026 INFO  [main] n.c.t.c.ShowtimeControllerTest - Started ShowtimeControllerTest in 3.016 seconds (process running for 4.378)
2025-10-16 17:39:31.559 INFO  [main] o.s.t.c.s.AnnotationConfigContextLoaderUtils - Could not detect default configuration classes for test class [nexi.cinetix.theatre_service.controller.TheatreControllerTest]: TheatreControllerTest does not declare any static, non-private, non-final, nested classes annotated with @Configuration.
2025-10-16 17:39:31.579 INFO  [main] o.s.b.t.c.SpringBootTestContextBootstrapper - Found @SpringBootConfiguration nexi.cinetix.theatre_service.TheatreServiceApplication for test class nexi.cinetix.theatre_service.controller.TheatreControllerTest
2025-10-16 17:39:31.629 INFO  [main] n.c.t.c.TheatreControllerTest - Starting TheatreControllerTest using Java 21.0.8 with PID 16604 (started by 10840583 in C:\Users\10840583\Downloads\team-kolding\theatre-service)
2025-10-16 17:39:31.629 INFO  [main] n.c.t.c.TheatreControllerTest - No active profile set, falling back to 1 default profile: "default"
2025-10-16 17:39:32.224 WARN  [main] o.s.b.a.s.s.UserDetailsServiceAutoConfiguration - 

Using generated security password: 9a6364de-ca5e-46d8-ab57-1b55e341ac97

This generated password is for development use only. Your security configuration must be updated before running your application in production.

2025-10-16 17:39:32.234 INFO  [main] o.s.s.c.a.a.c.InitializeUserDetailsBeanManagerConfigurer$InitializeUserDetailsManagerConfigurer - Global AuthenticationManager configured with UserDetailsService bean with name inMemoryUserDetailsManager
2025-10-16 17:39:32.389 INFO  [main] o.s.b.t.m.w.SpringBootMockServletContext - Initializing Spring TestDispatcherServlet ''
2025-10-16 17:39:32.389 INFO  [main] o.s.t.w.s.TestDispatcherServlet - Initializing Servlet ''
2025-10-16 17:39:32.390 INFO  [main] o.s.t.w.s.TestDispatcherServlet - Completed initialization in 0 ms
2025-10-16 17:39:32.401 INFO  [main] n.c.t.c.TheatreControllerTest - Started TheatreControllerTest in 0.813 seconds (process running for 5.753)
2025-10-16 17:39:33.377 INFO  [main] o.s.t.c.s.AnnotationConfigContextLoaderUtils - Could not detect default configuration classes for test class [nexi.cinetix.theatre_service.TheatreServiceApplicationTests]: TheatreServiceApplicationTests does not declare any static, non-private, non-final, nested classes annotated with @Configuration.
2025-10-16 17:39:33.394 INFO  [main] o.s.b.t.c.SpringBootTestContextBootstrapper - Found @SpringBootConfiguration nexi.cinetix.theatre_service.TheatreServiceApplication for test class nexi.cinetix.theatre_service.TheatreServiceApplicationTests
2025-10-16 17:39:33.443 INFO  [main] n.c.t.TheatreServiceApplicationTests - Starting TheatreServiceApplicationTests using Java 21.0.8 with PID 16604 (started by 10840583 in C:\Users\10840583\Downloads\team-kolding\theatre-service)
2025-10-16 17:39:33.445 INFO  [main] n.c.t.TheatreServiceApplicationTests - The following 1 profile is active: "test"
2025-10-16 17:39:33.774 INFO  [main] o.s.d.r.c.RepositoryConfigurationDelegate - Bootstrapping Spring Data JPA repositories in DEFAULT mode.
2025-10-16 17:39:33.832 INFO  [main] o.s.d.r.c.RepositoryConfigurationDelegate - Finished Spring Data repository scanning in 41 ms. Found 2 JPA repository interfaces.
2025-10-16 17:39:34.188 INFO  [main] o.h.jpa.internal.util.LogHelper - HHH000204: Processing PersistenceUnitInfo [name: default]
2025-10-16 17:39:34.255 INFO  [main] org.hibernate.Version - HHH000412: Hibernate ORM core version 6.6.29.Final
2025-10-16 17:39:34.286 INFO  [main] o.h.c.i.RegionFactoryInitiator - HHH000026: Second-level cache disabled
2025-10-16 17:39:34.398 INFO  [main] o.s.o.j.p.SpringPersistenceUnitInfo - No LoadTimeWeaver setup: ignoring JPA class transformer
2025-10-16 17:39:34.430 INFO  [main] com.zaxxer.hikari.HikariDataSource - HikariPool-1 - Starting...
2025-10-16 17:39:34.653 INFO  [main] com.zaxxer.hikari.pool.HikariPool - HikariPool-1 - Added connection conn0: url=jdbc:h2:mem:theatre_test user=SA
2025-10-16 17:39:34.656 INFO  [main] com.zaxxer.hikari.HikariDataSource - HikariPool-1 - Start completed.
2025-10-16 17:39:34.724 INFO  [main] o.hibernate.orm.connections.pooling - HHH10001005: Database info:
	Database JDBC URL [Connecting through datasource 'HikariDataSource (HikariPool-1)']
	Database driver: undefined/unknown
	Database version: 2.3.232
	Autocommit mode: undefined/unknown
	Isolation level: undefined/unknown
	Minimum pool size: undefined/unknown
	Maximum pool size: undefined/unknown
2025-10-16 17:39:35.469 INFO  [main] o.h.e.t.j.p.i.JtaPlatformInitiator - HHH000489: No JTA platform available (set 'hibernate.transaction.jta.platform' to enable JTA platform integration)
2025-10-16 17:39:35.518 INFO  [main] o.s.o.j.LocalContainerEntityManagerFactoryBean - Initialized JPA EntityManagerFactory for persistence unit 'default'
2025-10-16 17:39:35.969 WARN  [main] o.s.b.a.o.j.JpaBaseConfiguration$JpaWebConfiguration - spring.jpa.open-in-view is enabled by default. Therefore, database queries may be performed during view rendering. Explicitly configure spring.jpa.open-in-view to disable this warning
2025-10-16 17:39:36.035 WARN  [main] o.s.b.a.s.s.UserDetailsServiceAutoConfiguration - 

Using generated security password: d473cd47-22fd-41eb-9372-c6845a1ff1e7

This generated password is for development use only. Your security configuration must be updated before running your application in production.

2025-10-16 17:39:36.036 INFO  [main] o.s.s.c.a.a.c.InitializeUserDetailsBeanManagerConfigurer$InitializeUserDetailsManagerConfigurer - Global AuthenticationManager configured with UserDetailsService bean with name inMemoryUserDetailsManager
2025-10-16 17:39:36.275 INFO  [main] n.c.t.TheatreServiceApplicationTests - Started TheatreServiceApplicationTests in 2.872 seconds (process running for 9.627)
2025-10-16 17:39:36.302 INFO  [SpringApplicationShutdownHook] o.s.o.j.LocalContainerEntityManagerFactoryBean - Closing JPA EntityManagerFactory for persistence unit 'default'
2025-10-16 17:39:36.310 INFO  [SpringApplicationShutdownHook] com.zaxxer.hikari.HikariDataSource - HikariPool-1 - Shutdown initiated...
2025-10-16 17:39:36.313 INFO  [SpringApplicationShutdownHook] com.zaxxer.hikari.HikariDataSource - HikariPool-1 - Shutdown completed.
2025-10-16 17:40:18.554 INFO  [background-preinit] o.h.validator.internal.util.Version - HV000001: Hibernate Validator 8.0.3.Final
2025-10-16 17:40:18.623 INFO  [main] n.c.t.c.ShowtimeControllerTest - Starting ShowtimeControllerTest using Java 21.0.8 with PID 29700 (started by 10840583 in C:\Users\10840583\Downloads\team-kolding\theatre-service)
2025-10-16 17:40:18.625 INFO  [main] n.c.t.c.ShowtimeControllerTest - No active profile set, falling back to 1 default profile: "default"
2025-10-16 17:40:21.924 INFO  [main] o.s.b.t.m.w.SpringBootMockServletContext - Initializing Spring TestDispatcherServlet ''
2025-10-16 17:40:21.927 INFO  [main] o.s.t.w.s.TestDispatcherServlet - Initializing Servlet ''
2025-10-16 17:40:21.930 INFO  [main] o.s.t.w.s.TestDispatcherServlet - Completed initialization in 3 ms
2025-10-16 17:40:21.990 INFO  [main] n.c.t.c.ShowtimeControllerTest - Started ShowtimeControllerTest in 4.104 seconds (process running for 6.138)
2025-10-16 17:40:22.944 INFO  [main] o.s.t.c.s.AnnotationConfigContextLoaderUtils - Could not detect default configuration classes for test class [nexi.cinetix.theatre_service.controller.TheatreControllerTest]: TheatreControllerTest does not declare any static, non-private, non-final, nested classes annotated with @Configuration.
2025-10-16 17:40:22.963 INFO  [main] o.s.b.t.c.SpringBootTestContextBootstrapper - Found @SpringBootConfiguration nexi.cinetix.theatre_service.TheatreServiceApplication for test class nexi.cinetix.theatre_service.controller.TheatreControllerTest
2025-10-16 17:40:23.018 INFO  [main] n.c.t.c.TheatreControllerTest - Starting TheatreControllerTest using Java 21.0.8 with PID 29700 (started by 10840583 in C:\Users\10840583\Downloads\team-kolding\theatre-service)
2025-10-16 17:40:23.019 INFO  [main] n.c.t.c.TheatreControllerTest - No active profile set, falling back to 1 default profile: "default"
2025-10-16 17:40:23.904 WARN  [main] o.s.b.a.s.s.UserDetailsServiceAutoConfiguration - 

Using generated security password: 60a3d9ef-2ee5-4215-a641-b311aceeba20

This generated password is for development use only. Your security configuration must be updated before running your application in production.

2025-10-16 17:40:23.919 INFO  [main] o.s.s.c.a.a.c.InitializeUserDetailsBeanManagerConfigurer$InitializeUserDetailsManagerConfigurer - Global AuthenticationManager configured with UserDetailsService bean with name inMemoryUserDetailsManager
2025-10-16 17:40:24.116 INFO  [main] o.s.b.t.m.w.SpringBootMockServletContext - Initializing Spring TestDispatcherServlet ''
2025-10-16 17:40:24.116 INFO  [main] o.s.t.w.s.TestDispatcherServlet - Initializing Servlet ''
2025-10-16 17:40:24.120 INFO  [main] o.s.t.w.s.TestDispatcherServlet - Completed initialization in 4 ms
2025-10-16 17:40:24.135 INFO  [main] n.c.t.c.TheatreControllerTest - Started TheatreControllerTest in 1.164 seconds (process running for 8.282)
2025-10-16 17:40:25.387 INFO  [main] o.s.t.c.s.AnnotationConfigContextLoaderUtils - Could not detect default configuration classes for test class [nexi.cinetix.theatre_service.TheatreServiceApplicationTests]: TheatreServiceApplicationTests does not declare any static, non-private, non-final, nested classes annotated with @Configuration.
2025-10-16 17:40:25.398 INFO  [main] o.s.b.t.c.SpringBootTestContextBootstrapper - Found @SpringBootConfiguration nexi.cinetix.theatre_service.TheatreServiceApplication for test class nexi.cinetix.theatre_service.TheatreServiceApplicationTests
2025-10-16 17:40:25.442 INFO  [main] n.c.t.TheatreServiceApplicationTests - Starting TheatreServiceApplicationTests using Java 21.0.8 with PID 29700 (started by 10840583 in C:\Users\10840583\Downloads\team-kolding\theatre-service)
2025-10-16 17:40:25.442 INFO  [main] n.c.t.TheatreServiceApplicationTests - The following 1 profile is active: "test"
2025-10-16 17:40:25.825 INFO  [main] o.s.d.r.c.RepositoryConfigurationDelegate - Bootstrapping Spring Data JPA repositories in DEFAULT mode.
2025-10-16 17:40:25.891 INFO  [main] o.s.d.r.c.RepositoryConfigurationDelegate - Finished Spring Data repository scanning in 50 ms. Found 2 JPA repository interfaces.
2025-10-16 17:40:26.308 INFO  [main] o.h.jpa.internal.util.LogHelper - HHH000204: Processing PersistenceUnitInfo [name: default]
2025-10-16 17:40:26.381 INFO  [main] org.hibernate.Version - HHH000412: Hibernate ORM core version 6.6.29.Final
2025-10-16 17:40:26.417 INFO  [main] o.h.c.i.RegionFactoryInitiator - HHH000026: Second-level cache disabled
2025-10-16 17:40:26.568 INFO  [main] o.s.o.j.p.SpringPersistenceUnitInfo - No LoadTimeWeaver setup: ignoring JPA class transformer
2025-10-16 17:40:26.601 INFO  [main] com.zaxxer.hikari.HikariDataSource - HikariPool-1 - Starting...
2025-10-16 17:40:26.871 INFO  [main] com.zaxxer.hikari.pool.HikariPool - HikariPool-1 - Added connection conn0: url=jdbc:h2:mem:theatre_test user=SA
2025-10-16 17:40:26.872 INFO  [main] com.zaxxer.hikari.HikariDataSource - HikariPool-1 - Start completed.
2025-10-16 17:40:26.960 INFO  [main] o.hibernate.orm.connections.pooling - HHH10001005: Database info:
	Database JDBC URL [Connecting through datasource 'HikariDataSource (HikariPool-1)']
	Database driver: undefined/unknown
	Database version: 2.3.232
	Autocommit mode: undefined/unknown
	Isolation level: undefined/unknown
	Minimum pool size: undefined/unknown
	Maximum pool size: undefined/unknown
2025-10-16 17:40:27.881 INFO  [main] o.h.e.t.j.p.i.JtaPlatformInitiator - HHH000489: No JTA platform available (set 'hibernate.transaction.jta.platform' to enable JTA platform integration)
2025-10-16 17:40:27.949 INFO  [main] o.s.o.j.LocalContainerEntityManagerFactoryBean - Initialized JPA EntityManagerFactory for persistence unit 'default'
2025-10-16 17:40:28.491 WARN  [main] o.s.b.a.o.j.JpaBaseConfiguration$JpaWebConfiguration - spring.jpa.open-in-view is enabled by default. Therefore, database queries may be performed during view rendering. Explicitly configure spring.jpa.open-in-view to disable this warning
2025-10-16 17:40:28.587 WARN  [main] o.s.b.a.s.s.UserDetailsServiceAutoConfiguration - 

Using generated security password: 4dff8b7b-6546-4edf-8e80-3c583f8000b2

This generated password is for development use only. Your security configuration must be updated before running your application in production.

2025-10-16 17:40:28.588 INFO  [main] o.s.s.c.a.a.c.InitializeUserDetailsBeanManagerConfigurer$InitializeUserDetailsManagerConfigurer - Global AuthenticationManager configured with UserDetailsService bean with name inMemoryUserDetailsManager
2025-10-16 17:40:28.883 INFO  [main] n.c.t.TheatreServiceApplicationTests - Started TheatreServiceApplicationTests in 3.479 seconds (process running for 13.03)
2025-10-16 17:40:28.922 INFO  [SpringApplicationShutdownHook] o.s.o.j.LocalContainerEntityManagerFactoryBean - Closing JPA EntityManagerFactory for persistence unit 'default'
2025-10-16 17:40:28.930 INFO  [SpringApplicationShutdownHook] com.zaxxer.hikari.HikariDataSource - HikariPool-1 - Shutdown initiated...
2025-10-16 17:40:28.932 INFO  [SpringApplicationShutdownHook] com.zaxxer.hikari.HikariDataSource - HikariPool-1 - Shutdown completed.
2025-10-16 17:41:14.409 INFO  [background-preinit] o.h.validator.internal.util.Version - HV000001: Hibernate Validator 8.0.3.Final
2025-10-16 17:41:14.461 INFO  [main] n.c.t.c.ShowtimeControllerTest - Starting ShowtimeControllerTest using Java 21.0.8 with PID 22692 (started by 10840583 in C:\Users\10840583\Downloads\team-kolding\theatre-service)
2025-10-16 17:41:14.462 INFO  [main] n.c.t.c.ShowtimeControllerTest - No active profile set, falling back to 1 default profile: "default"
2025-10-16 17:41:16.811 INFO  [main] o.s.b.t.m.w.SpringBootMockServletContext - Initializing Spring TestDispatcherServlet ''
2025-10-16 17:41:16.811 INFO  [main] o.s.t.w.s.TestDispatcherServlet - Initializing Servlet ''
2025-10-16 17:41:16.813 INFO  [main] o.s.t.w.s.TestDispatcherServlet - Completed initialization in 1 ms
2025-10-16 17:41:16.850 INFO  [main] n.c.t.c.ShowtimeControllerTest - Started ShowtimeControllerTest in 2.926 seconds (process running for 4.215)
2025-10-16 17:41:17.442 INFO  [main] o.s.t.c.s.AnnotationConfigContextLoaderUtils - Could not detect default configuration classes for test class [nexi.cinetix.theatre_service.controller.TheatreControllerTest]: TheatreControllerTest does not declare any static, non-private, non-final, nested classes annotated with @Configuration.
2025-10-16 17:41:17.464 INFO  [main] o.s.b.t.c.SpringBootTestContextBootstrapper - Found @SpringBootConfiguration nexi.cinetix.theatre_service.TheatreServiceApplication for test class nexi.cinetix.theatre_service.controller.TheatreControllerTest
2025-10-16 17:41:17.509 INFO  [main] n.c.t.c.TheatreControllerTest - Starting TheatreControllerTest using Java 21.0.8 with PID 22692 (started by 10840583 in C:\Users\10840583\Downloads\team-kolding\theatre-service)
2025-10-16 17:41:17.510 INFO  [main] n.c.t.c.TheatreControllerTest - No active profile set, falling back to 1 default profile: "default"
2025-10-16 17:41:18.097 WARN  [main] o.s.b.a.s.s.UserDetailsServiceAutoConfiguration - 

Using generated security password: d1f31795-284b-4e35-b362-7e3be2437d7e

This generated password is for development use only. Your security configuration must be updated before running your application in production.

2025-10-16 17:41:18.108 INFO  [main] o.s.s.c.a.a.c.InitializeUserDetailsBeanManagerConfigurer$InitializeUserDetailsManagerConfigurer - Global AuthenticationManager configured with UserDetailsService bean with name inMemoryUserDetailsManager
2025-10-16 17:41:18.269 INFO  [main] o.s.b.t.m.w.SpringBootMockServletContext - Initializing Spring TestDispatcherServlet ''
2025-10-16 17:41:18.269 INFO  [main] o.s.t.w.s.TestDispatcherServlet - Initializing Servlet ''
2025-10-16 17:41:18.271 INFO  [main] o.s.t.w.s.TestDispatcherServlet - Completed initialization in 1 ms
2025-10-16 17:41:18.281 INFO  [main] n.c.t.c.TheatreControllerTest - Started TheatreControllerTest in 0.81 seconds (process running for 5.647)
2025-10-16 17:41:19.273 INFO  [main] o.s.t.c.s.AnnotationConfigContextLoaderUtils - Could not detect default configuration classes for test class [nexi.cinetix.theatre_service.TheatreServiceApplicationTests]: TheatreServiceApplicationTests does not declare any static, non-private, non-final, nested classes annotated with @Configuration.
2025-10-16 17:41:19.286 INFO  [main] o.s.b.t.c.SpringBootTestContextBootstrapper - Found @SpringBootConfiguration nexi.cinetix.theatre_service.TheatreServiceApplication for test class nexi.cinetix.theatre_service.TheatreServiceApplicationTests
2025-10-16 17:41:19.332 INFO  [main] n.c.t.TheatreServiceApplicationTests - Starting TheatreServiceApplicationTests using Java 21.0.8 with PID 22692 (started by 10840583 in C:\Users\10840583\Downloads\team-kolding\theatre-service)
2025-10-16 17:41:19.332 INFO  [main] n.c.t.TheatreServiceApplicationTests - The following 1 profile is active: "test"
2025-10-16 17:41:19.663 INFO  [main] o.s.d.r.c.RepositoryConfigurationDelegate - Bootstrapping Spring Data JPA repositories in DEFAULT mode.
2025-10-16 17:41:19.723 INFO  [main] o.s.d.r.c.RepositoryConfigurationDelegate - Finished Spring Data repository scanning in 46 ms. Found 2 JPA repository interfaces.
2025-10-16 17:41:20.055 INFO  [main] o.h.jpa.internal.util.LogHelper - HHH000204: Processing PersistenceUnitInfo [name: default]
2025-10-16 17:41:20.121 INFO  [main] org.hibernate.Version - HHH000412: Hibernate ORM core version 6.6.29.Final
2025-10-16 17:41:20.167 INFO  [main] o.h.c.i.RegionFactoryInitiator - HHH000026: Second-level cache disabled
2025-10-16 17:41:20.288 INFO  [main] o.s.o.j.p.SpringPersistenceUnitInfo - No LoadTimeWeaver setup: ignoring JPA class transformer
2025-10-16 17:41:20.345 INFO  [main] com.zaxxer.hikari.HikariDataSource - HikariPool-1 - Starting...
2025-10-16 17:41:20.553 INFO  [main] com.zaxxer.hikari.pool.HikariPool - HikariPool-1 - Added connection conn0: url=jdbc:h2:mem:theatre_test user=SA
2025-10-16 17:41:20.554 INFO  [main] com.zaxxer.hikari.HikariDataSource - HikariPool-1 - Start completed.
2025-10-16 17:41:20.619 INFO  [main] o.hibernate.orm.connections.pooling - HHH10001005: Database info:
	Database JDBC URL [Connecting through datasource 'HikariDataSource (HikariPool-1)']
	Database driver: undefined/unknown
	Database version: 2.3.232
	Autocommit mode: undefined/unknown
	Isolation level: undefined/unknown
	Minimum pool size: undefined/unknown
	Maximum pool size: undefined/unknown
2025-10-16 17:41:21.367 INFO  [main] o.h.e.t.j.p.i.JtaPlatformInitiator - HHH000489: No JTA platform available (set 'hibernate.transaction.jta.platform' to enable JTA platform integration)
2025-10-16 17:41:21.417 INFO  [main] o.s.o.j.LocalContainerEntityManagerFactoryBean - Initialized JPA EntityManagerFactory for persistence unit 'default'
2025-10-16 17:41:21.880 WARN  [main] o.s.b.a.o.j.JpaBaseConfiguration$JpaWebConfiguration - spring.jpa.open-in-view is enabled by default. Therefore, database queries may be performed during view rendering. Explicitly configure spring.jpa.open-in-view to disable this warning
2025-10-16 17:41:21.957 WARN  [main] o.s.b.a.s.s.UserDetailsServiceAutoConfiguration - 

Using generated security password: cbee8a16-288d-4542-aadc-697a4cb05ac4

This generated password is for development use only. Your security configuration must be updated before running your application in production.

2025-10-16 17:41:21.958 INFO  [main] o.s.s.c.a.a.c.InitializeUserDetailsBeanManagerConfigurer$InitializeUserDetailsManagerConfigurer - Global AuthenticationManager configured with UserDetailsService bean with name inMemoryUserDetailsManager
2025-10-16 17:41:22.183 INFO  [main] n.c.t.TheatreServiceApplicationTests - Started TheatreServiceApplicationTests in 2.89 seconds (process running for 9.549)
2025-10-16 17:41:22.211 INFO  [SpringApplicationShutdownHook] o.s.o.j.LocalContainerEntityManagerFactoryBean - Closing JPA EntityManagerFactory for persistence unit 'default'
2025-10-16 17:41:22.218 INFO  [SpringApplicationShutdownHook] com.zaxxer.hikari.HikariDataSource - HikariPool-1 - Shutdown initiated...
2025-10-16 17:41:22.220 INFO  [SpringApplicationShutdownHook] com.zaxxer.hikari.HikariDataSource - HikariPool-1 - Shutdown completed.
2025-10-16 17:42:56.980 INFO  [background-preinit] o.h.validator.internal.util.Version - HV000001: Hibernate Validator 8.0.3.Final
2025-10-16 17:42:57.111 INFO  [main] n.c.t.c.TheatreControllerTest - Starting TheatreControllerTest using Java 21.0.8 with PID 25228 (started by 10840583 in C:\Users\10840583\Downloads\team-kolding\theatre-service)
2025-10-16 17:42:57.114 INFO  [main] n.c.t.c.TheatreControllerTest - No active profile set, falling back to 1 default profile: "default"
2025-10-16 17:42:59.194 WARN  [main] o.s.b.a.s.s.UserDetailsServiceAutoConfiguration - 

Using generated security password: 92cbca00-e83f-4a33-b28b-7b6625db568e

This generated password is for development use only. Your security configuration must be updated before running your application in production.

2025-10-16 17:42:59.208 INFO  [main] o.s.s.c.a.a.c.InitializeUserDetailsBeanManagerConfigurer$InitializeUserDetailsManagerConfigurer - Global AuthenticationManager configured with UserDetailsService bean with name inMemoryUserDetailsManager
2025-10-16 17:42:59.440 INFO  [main] o.s.b.t.m.w.SpringBootMockServletContext - Initializing Spring TestDispatcherServlet ''
2025-10-16 17:42:59.440 INFO  [main] o.s.t.w.s.TestDispatcherServlet - Initializing Servlet ''
2025-10-16 17:42:59.442 INFO  [main] o.s.t.w.s.TestDispatcherServlet - Completed initialization in 1 ms
2025-10-16 17:42:59.479 INFO  [main] n.c.t.c.TheatreControllerTest - Started TheatreControllerTest in 3.469 seconds (process running for 8.578)
2025-10-16 17:43:00.382 INFO  [main] o.s.t.c.s.AnnotationConfigContextLoaderUtils - Could not detect default configuration classes for test class [nexi.cinetix.theatre_service.controller.ShowtimeControllerTest]: ShowtimeControllerTest does not declare any static, non-private, non-final, nested classes annotated with @Configuration.
2025-10-16 17:43:00.395 INFO  [main] o.s.b.t.c.SpringBootTestContextBootstrapper - Found @SpringBootConfiguration nexi.cinetix.theatre_service.TheatreServiceApplication for test class nexi.cinetix.theatre_service.controller.ShowtimeControllerTest
2025-10-16 17:43:00.426 INFO  [main] n.c.t.c.ShowtimeControllerTest - Starting ShowtimeControllerTest using Java 21.0.8 with PID 25228 (started by 10840583 in C:\Users\10840583\Downloads\team-kolding\theatre-service)
2025-10-16 17:43:00.427 INFO  [main] n.c.t.c.ShowtimeControllerTest - No active profile set, falling back to 1 default profile: "default"
2025-10-16 17:43:00.697 INFO  [main] o.s.b.t.m.w.SpringBootMockServletContext - Initializing Spring TestDispatcherServlet ''
2025-10-16 17:43:00.697 INFO  [main] o.s.t.w.s.TestDispatcherServlet - Initializing Servlet ''
2025-10-16 17:43:00.699 INFO  [main] o.s.t.w.s.TestDispatcherServlet - Completed initialization in 2 ms
2025-10-16 17:43:00.712 INFO  [main] n.c.t.c.ShowtimeControllerTest - Started ShowtimeControllerTest in 0.313 seconds (process running for 9.81)
2025-10-16 17:43:01.035 INFO  [main] o.s.t.c.s.AnnotationConfigContextLoaderUtils - Could not detect default configuration classes for test class [nexi.cinetix.theatre_service.TheatreServiceApplicationTests]: TheatreServiceApplicationTests does not declare any static, non-private, non-final, nested classes annotated with @Configuration.
2025-10-16 17:43:01.046 INFO  [main] o.s.b.t.c.SpringBootTestContextBootstrapper - Found @SpringBootConfiguration nexi.cinetix.theatre_service.TheatreServiceApplication for test class nexi.cinetix.theatre_service.TheatreServiceApplicationTests
2025-10-16 17:43:01.088 INFO  [main] n.c.t.TheatreServiceApplicationTests - Starting TheatreServiceApplicationTests using Java 21.0.8 with PID 25228 (started by 10840583 in C:\Users\10840583\Downloads\team-kolding\theatre-service)
2025-10-16 17:43:01.089 INFO  [main] n.c.t.TheatreServiceApplicationTests - The following 1 profile is active: "test"
2025-10-16 17:43:01.566 INFO  [main] o.s.d.r.c.RepositoryConfigurationDelegate - Bootstrapping Spring Data JPA repositories in DEFAULT mode.
2025-10-16 17:43:01.662 INFO  [main] o.s.d.r.c.RepositoryConfigurationDelegate - Finished Spring Data repository scanning in 75 ms. Found 2 JPA repository interfaces.
2025-10-16 17:43:02.168 INFO  [main] o.h.jpa.internal.util.LogHelper - HHH000204: Processing PersistenceUnitInfo [name: default]
2025-10-16 17:43:02.282 INFO  [main] org.hibernate.Version - HHH000412: Hibernate ORM core version 6.6.29.Final
2025-10-16 17:43:02.347 INFO  [main] o.h.c.i.RegionFactoryInitiator - HHH000026: Second-level cache disabled
2025-10-16 17:43:02.613 INFO  [main] o.s.o.j.p.SpringPersistenceUnitInfo - No LoadTimeWeaver setup: ignoring JPA class transformer
2025-10-16 17:43:02.686 INFO  [main] com.zaxxer.hikari.HikariDataSource - HikariPool-1 - Starting...
2025-10-16 17:43:03.345 INFO  [main] com.zaxxer.hikari.pool.HikariPool - HikariPool-1 - Added connection conn0: url=jdbc:h2:mem:theatre_test user=SA
2025-10-16 17:43:03.349 INFO  [main] com.zaxxer.hikari.HikariDataSource - HikariPool-1 - Start completed.
2025-10-16 17:43:03.537 INFO  [main] o.hibernate.orm.connections.pooling - HHH10001005: Database info:
	Database JDBC URL [Connecting through datasource 'HikariDataSource (HikariPool-1)']
	Database driver: undefined/unknown
	Database version: 2.3.232
	Autocommit mode: undefined/unknown
	Isolation level: undefined/unknown
	Minimum pool size: undefined/unknown
	Maximum pool size: undefined/unknown
2025-10-16 17:43:05.307 INFO  [main] o.h.e.t.j.p.i.JtaPlatformInitiator - HHH000489: No JTA platform available (set 'hibernate.transaction.jta.platform' to enable JTA platform integration)
2025-10-16 17:43:05.432 INFO  [main] o.s.o.j.LocalContainerEntityManagerFactoryBean - Initialized JPA EntityManagerFactory for persistence unit 'default'
2025-10-16 17:43:06.086 WARN  [main] o.s.b.a.o.j.JpaBaseConfiguration$JpaWebConfiguration - spring.jpa.open-in-view is enabled by default. Therefore, database queries may be performed during view rendering. Explicitly configure spring.jpa.open-in-view to disable this warning
2025-10-16 17:43:06.173 WARN  [main] o.s.b.a.s.s.UserDetailsServiceAutoConfiguration - 

Using generated security password: b7f92a87-81de-4684-8b9f-78058fdca209

This generated password is for development use only. Your security configuration must be updated before running your application in production.

2025-10-16 17:43:06.175 INFO  [main] o.s.s.c.a.a.c.InitializeUserDetailsBeanManagerConfigurer$InitializeUserDetailsManagerConfigurer - Global AuthenticationManager configured with UserDetailsService bean with name inMemoryUserDetailsManager
2025-10-16 17:43:06.550 INFO  [main] n.c.t.TheatreServiceApplicationTests - Started TheatreServiceApplicationTests in 5.495 seconds (process running for 15.648)
2025-10-16 17:43:06.577 INFO  [SpringApplicationShutdownHook] o.s.o.j.LocalContainerEntityManagerFactoryBean - Closing JPA EntityManagerFactory for persistence unit 'default'
2025-10-16 17:43:06.590 INFO  [SpringApplicationShutdownHook] com.zaxxer.hikari.HikariDataSource - HikariPool-1 - Shutdown initiated...
2025-10-16 17:43:06.593 INFO  [SpringApplicationShutdownHook] com.zaxxer.hikari.HikariDataSource - HikariPool-1 - Shutdown completed.
